
=========
== JAX ==
=========

NVIDIA Release 26.05 (build 52078341)
Container image Copyright (c) 2026, NVIDIA CORPORATION & AFFILIATES. All rights reserved.

Various files include modifications (c) NVIDIA CORPORATION & AFFILIATES.  All rights reserved.

GOVERNING TERMS: The software and materials are governed by the NVIDIA Software License Agreement
(found at https://www.nvidia.com/en-us/agreements/enterprise-software/nvidia-software-license-agreement/)
and the Product-Specific Terms for NVIDIA AI Products
(found at https://www.nvidia.com/en-us/agreements/enterprise-software/product-specific-terms-for-ai-products/).

E0907 10:42:15.758495     154 cuda_executor.cc:1526] Could not get kernel mode driver version: ( INVALID_ARGUMENT: Version does not match the format X.Y.Z )
E0907 10:42:15.771540       1 cuda_executor.cc:1526] Could not get kernel mode driver version: ( INVALID_ARGUMENT: Version does not match the format X.Y.Z )
MODEL_LOAD_START
MODEL_LOAD_OK 4.700188433999756 {'float32': 51}
WARMUP episode-000095-early 0 6164.21
WARMUP episode-000095-early 1 1232.14
SAMPLE_OK {"sample": "episode-000095-early.npz", "sample_sha256": "3b2623cc18ee325742b2ec1baa187b89cb79353443b5585a31fec312bc72683e", "episode": 95, "frame": 100, "phase": "early", "warmup_ms": [6164.21193000042, 1232.1446590003688], "latencies_ms": [1231.4432919993124, 1231.426805999945, 1231.2137680000887, 1231.5779740001744, 1231.1881030000222, 1231.435763999798, 1231.7191550000643, 1231.7534020003222, 1232.4877670007481, 1232.8285089997735, 1231.6148620002423, 1231.9511970008534, 1231.3628680003603, 1231.8014889997357, 1231.3360359994476, 1230.958675999318, 1231.4043250007671, 1231.7257610002343, 1231.3711959995999, 1231.6269119992285], "p50_ms": 1231.5106329997434, "p95_ms": 1232.5048041006994, "repeat_max_abs_difference": 0.0}
WARMUP episode-000095-middle 0 1231.78
WARMUP episode-000095-middle 1 1231.05
SAMPLE_OK {"sample": "episode-000095-middle.npz", "sample_sha256": "c9ff7ede028e642a2a0d6791b812837f3de8fac5c6df36e356e6a252b0e95c6e", "episode": 95, "frame": 1714, "phase": "middle", "warmup_ms": [1231.784388000051, 1231.0538550000274], "latencies_ms": [1231.6966870002943, 1231.3281309998274, 1231.3022959997397, 1231.5961309996055, 1231.7957450004542, 1231.8191589993148, 1231.294170000183, 1231.4195159997325, 1231.3508189999993, 1230.5735370000548, 1231.1807580008463, 1231.4518720004344, 1231.6137919997345, 1232.354743000542, 1232.0163539998248, 1231.075222999607, 1231.400030000259, 1231.3508049992379, 1231.0725919996912, 1231.361520000064], "p50_ms": 1231.3807750001615, "p95_ms": 1232.0332734498606, "repeat_max_abs_difference": 0.0}
WARMUP episode-000095-late 0 1231.54
WARMUP episode-000095-late 1 1231.28
SAMPLE_OK {"sample": "episode-000095-late.npz", "sample_sha256": "6e7ef6a0d6f189b53ce6fa286e6707a79d4a01adf39ed7fb18c1dbe67a440c8b", "episode": 95, "frame": 3328, "phase": "late", "warmup_ms": [1231.5443289999166, 1231.2812259997372], "latencies_ms": [1231.1291790001633, 1230.7967439992353, 1231.3976499999626, 1231.2495650003257, 1231.3030330005859, 1231.3342879997435, 1230.7038010003453, 1231.50129700025, 1231.4446190002855, 1231.1110450000342, 1230.841796000277, 1230.6216750002932, 1231.519660000231, 1231.2226599997302, 1231.0441129993706, 1231.589066000197, 1231.7865049999455, 1231.1054529991452, 1231.5819350005768, 1231.2663990005603], "p50_ms": 1231.257982000443, "p95_ms": 1231.5989379501843, "repeat_max_abs_difference": 0.0}
WARMUP episode-000096-early 0 1230.86
WARMUP episode-000096-early 1 1231.42
SAMPLE_OK {"sample": "episode-000096-early.npz", "sample_sha256": "91726a0c81ecd77254ca9c7829793522ce8f50bc3bb9ec683f3a469ed7203f6f", "episode": 96, "frame": 100, "phase": "early", "warmup_ms": [1230.859177999264, 1231.422038999881], "latencies_ms": [1231.3033700002052, 1230.4059320003944, 1231.7209599996204, 1230.9737160003351, 1231.125090000205, 1231.0799400001997, 1230.647616999704, 1231.368048999684, 1232.284988000174, 1232.413761999851, 1232.3356580000109, 1231.4095080000698, 1231.9886469995254, 1231.496657000207, 1231.2465289996908, 1231.6449749996536, 1231.6062389991203, 1231.729930000256, 1232.0062190001408, 1231.6510810005639], "p50_ms": 1231.5514479996637, "p95_ms": 1232.3395632000029, "repeat_max_abs_difference": 0.0}
WARMUP episode-000096-middle 0 1232.87
WARMUP episode-000096-middle 1 1233.39
SAMPLE_OK {"sample": "episode-000096-middle.npz", "sample_sha256": "74094522d58cdbe14446d3239d67f896b2e4549b1cff8c5b1acef41b9666925c", "episode": 96, "frame": 1162, "phase": "middle", "warmup_ms": [1232.8740270004346, 1233.3905070008768], "latencies_ms": [1232.9694720001498, 1232.3455320001813, 1232.026376000249, 1232.259869999325, 1231.4835800007131, 1231.6206770001372, 1232.3727299999518, 1231.3506269993013, 1232.1538369997143, 1231.8891799995981, 1231.4366359996711, 1231.8388770008823, 1231.6862009993201, 1231.285461999505, 1231.6809069998271, 1230.9343390006688, 1231.4560340000753, 1231.7263330005517, 1231.4710739992734, 1232.10156299956], "p50_ms": 1231.706266999936, "p95_ms": 1232.4025670999617, "repeat_max_abs_difference": 0.0}
WARMUP episode-000096-late 0 1232.37
WARMUP episode-000096-late 1 1232.05
SAMPLE_OK {"sample": "episode-000096-late.npz", "sample_sha256": "79eb626b45284d513ac6411efbb5c809e31122690b899e655a8cf754e841461d", "episode": 96, "frame": 2224, "phase": "late", "warmup_ms": [1232.3658160003106, 1232.0527050005694], "latencies_ms": [1232.3700779998035, 1232.1902999992744, 1232.749548999891, 1231.9168799995168, 1231.8654329992569, 1231.6923869993843, 1231.3387119993422, 1231.4190320003036, 1231.1203469998873, 1232.1591019999687, 1232.331680000243, 1231.3441509995755, 1231.7026620003162, 1232.45789900011, 1232.0161159996132, 1231.9014849999803, 1232.301514000028, 1231.2266159997307, 1231.9627530005164, 1231.990703999145], "p50_ms": 1231.9398165000166, "p95_ms": 1232.472481500099, "repeat_max_abs_difference": 0.0}
WARMUP episode-000097-early 0 1231.81
WARMUP episode-000097-early 1 1232.37
SAMPLE_OK {"sample": "episode-000097-early.npz", "sample_sha256": "1a3da5c6087e3e1841b8024421a2d21842e332370f7d11a2ba1bb61bc43d37dc", "episode": 97, "frame": 100, "phase": "early", "warmup_ms": [1231.8089890004558, 1232.3749810002482], "latencies_ms": [1232.6339740002368, 1231.4867630002482, 1233.320174000255, 1231.3950819998354, 1231.3717280003402, 1231.8156089995682, 1230.9173479998208, 1231.7921870007922, 1232.10293000011, 1231.1441800002285, 1231.4438129997143, 1231.0545269992872, 1230.9013680005592, 1231.3915830000042, 1230.7947540002715, 1230.6360860002314, 1231.4328419997764, 1231.334608999532, 1231.66909199972, 1231.3489550006125], "p50_ms": 1231.3933324999198, "p95_ms": 1232.6682840002377, "repeat_max_abs_difference": 0.0}
WARMUP episode-000097-middle 0 1231.27
WARMUP episode-000097-middle 1 1231.36
SAMPLE_OK {"sample": "episode-000097-middle.npz", "sample_sha256": "69a6950f558992dc9857d37e526cd03096835c823f38963837fd75483c96e147", "episode": 97, "frame": 1105, "phase": "middle", "warmup_ms": [1231.274601000223, 1231.355533000169], "latencies_ms": [1231.5102129996376, 1231.129520999275, 1231.3513019998936, 1231.2638659996082, 1231.7867380006646, 1231.6562910000357, 1231.6075570006433, 1231.702516999576, 1231.3806379997914, 1230.739550999715, 1231.6572589998032, 1231.633043000329, 1231.5487560008478, 1231.7416120004054, 1231.0070910007198, 1231.5688120006598, 1231.8594250000388, 1231.2224130000686, 1231.844586999614, 1232.007202999739], "p50_ms": 1231.5881845006516, "p95_ms": 1231.8668139000238, "repeat_max_abs_difference": 0.0}
WARMUP episode-000097-late 0 1231.47
WARMUP episode-000097-late 1 1231.56
SAMPLE_OK {"sample": "episode-000097-late.npz", "sample_sha256": "b296dac1adbefa81ab4c7cb44a1968b2f922ec0261d0978cfa0ed9bc7b549cf3", "episode": 97, "frame": 2110, "phase": "late", "warmup_ms": [1231.4749300003314, 1231.5596389998973], "latencies_ms": [1231.1119480000343, 1231.0803709997344, 1231.1214149995067, 1231.9086609995793, 1231.347693999851, 1231.795102000433, 1231.5390479998314, 1231.3165010000375, 1231.7717070000072, 1231.2292380001963, 1230.8888130000923, 1231.7381060001935, 1231.5432180002972, 1231.4963830003762, 1231.1587829999553, 1230.8723289997943, 1231.2956179994217, 1231.152284000018, 1230.5989459991906, 1231.5925040002185], "p50_ms": 1231.3060594997296, "p95_ms": 1231.8007799503903, "repeat_max_abs_difference": 0.0}
SUITE_COMPLETE 1231.4773269999932 1232.370210599811
