
=========
== JAX ==
=========

NVIDIA Release 26.05 (build 52078341)
Container image Copyright (c) 2026, NVIDIA CORPORATION & AFFILIATES. All rights reserved.

Various files include modifications (c) NVIDIA CORPORATION & AFFILIATES.  All rights reserved.

GOVERNING TERMS: The software and materials are governed by the NVIDIA Software License Agreement
(found at https://www.nvidia.com/en-us/agreements/enterprise-software/nvidia-software-license-agreement/)
and the Product-Specific Terms for NVIDIA AI Products
(found at https://www.nvidia.com/en-us/agreements/enterprise-software/product-specific-terms-for-ai-products/).

E0907 10:47:00.522131     154 cuda_executor.cc:1526] Could not get kernel mode driver version: ( INVALID_ARGUMENT: Version does not match the format X.Y.Z )
E0907 10:47:00.533892       1 cuda_executor.cc:1526] Could not get kernel mode driver version: ( INVALID_ARGUMENT: Version does not match the format X.Y.Z )
MODEL_LOAD_START
MODEL_LOAD_OK 4.9814443730001585 {'float32': 51}
E0907 10:47:07.023583     171 cuda_timer.cc:87] Delay kernel timed out: measured time has sub-optimal accuracy. There may be a missing warmup execution, please investigate in Nsight Systems.
WARMUP episode-000095-early 0 5356.41
WARMUP episode-000095-early 1 243.98
SAMPLE_OK {"sample": "episode-000095-early.npz", "sample_sha256": "3b2623cc18ee325742b2ec1baa187b89cb79353443b5585a31fec312bc72683e", "episode": 95, "frame": 100, "phase": "early", "warmup_ms": [5356.405694999921, 243.98383399966406], "latencies_ms": [242.59696199987957, 241.34800499996345, 240.34935100007715, 240.2418609999586, 240.4796639993947, 239.5420450002348, 239.17877199983195, 240.4529139994338, 241.8367020000005, 240.19486099950882, 239.39679700015404, 240.06261199974688, 240.58120799963945, 239.56939599975158, 239.57328500000585, 239.2494200003057, 239.91606700019474, 240.47688599966932, 240.68682699999044, 240.1294159999452], "p50_ms": 240.2183609997337, "p95_ms": 241.87471499999447, "repeat_max_abs_difference": 0.0}
WARMUP episode-000095-middle 0 241.47
WARMUP episode-000095-middle 1 240.41
SAMPLE_OK {"sample": "episode-000095-middle.npz", "sample_sha256": "c9ff7ede028e642a2a0d6791b812837f3de8fac5c6df36e356e6a252b0e95c6e", "episode": 95, "frame": 1714, "phase": "middle", "warmup_ms": [241.4735020001899, 240.4060609997032], "latencies_ms": [239.4040170001972, 239.11563299952832, 239.23144700074772, 239.29566700007854, 239.26862200005417, 239.15770600069663, 239.40467600004922, 240.15971300013916, 239.93727900051454, 239.6097840000948, 240.00749199967686, 240.89408199961326, 240.06604599981074, 239.89903900019272, 240.10948999966786, 240.06723999991664, 239.92714999985765, 239.14009399959468, 239.03804900055547, 240.2767829998993], "p50_ms": 239.75441150014376, "p95_ms": 240.307647949885, "repeat_max_abs_difference": 0.0}
WARMUP episode-000095-late 0 240.71
WARMUP episode-000095-late 1 239.97
SAMPLE_OK {"sample": "episode-000095-late.npz", "sample_sha256": "6e7ef6a0d6f189b53ce6fa286e6707a79d4a01adf39ed7fb18c1dbe67a440c8b", "episode": 95, "frame": 3328, "phase": "late", "warmup_ms": [240.71313100012048, 239.97225900075136], "latencies_ms": [239.58080200009135, 240.06377699970471, 240.0657759999376, 239.21835199962516, 239.11803800001508, 241.00429200007056, 240.74668499997642, 239.7820939995654, 239.42246899969177, 239.88565800027573, 240.18047800018394, 239.71120599981077, 239.362551999875, 239.66433700024936, 241.27196399967943, 240.23365299945, 239.1008430004149, 239.43103400051768, 240.00626700035355, 240.0396080001883], "p50_ms": 239.83387599992056, "p95_ms": 241.017675600051, "repeat_max_abs_difference": 0.0}
WARMUP episode-000096-early 0 239.85
WARMUP episode-000096-early 1 239.18
SAMPLE_OK {"sample": "episode-000096-early.npz", "sample_sha256": "91726a0c81ecd77254ca9c7829793522ce8f50bc3bb9ec683f3a469ed7203f6f", "episode": 96, "frame": 100, "phase": "early", "warmup_ms": [239.85005499980616, 239.17683299987402], "latencies_ms": [239.8132499993153, 239.9807570000121, 239.30669200035481, 239.36895000042568, 239.99620999984472, 239.6850559998711, 239.59052999998676, 240.22647600031632, 240.4361210001298, 240.18618000081915, 239.67761999938375, 239.14731399963784, 239.4492639996315, 240.00167200028955, 239.24306200024148, 239.1526729998077, 240.16305099939927, 241.19565699947998, 240.3114460003053, 240.12378299994452], "p50_ms": 239.8970034996637, "p95_ms": 240.4740978000973, "repeat_max_abs_difference": 0.0}
WARMUP episode-000096-middle 0 239.6
WARMUP episode-000096-middle 1 239.51
SAMPLE_OK {"sample": "episode-000096-middle.npz", "sample_sha256": "74094522d58cdbe14446d3239d67f896b2e4549b1cff8c5b1acef41b9666925c", "episode": 96, "frame": 1162, "phase": "middle", "warmup_ms": [239.6043999997346, 239.51088099966], "latencies_ms": [239.97351399975742, 239.42521600019973, 239.0102859999388, 239.54488100025628, 240.96016099974804, 240.1592799997161, 239.50443800003995, 240.34032599956845, 239.9821429999065, 239.3262630002937, 239.21094100023765, 239.50396400050522, 240.22593699919526, 239.55036100051075, 239.16697900040162, 239.53038999934506, 240.10610400000587, 239.1677189998518, 239.78485799943883, 240.36524100029055], "p50_ms": 239.54762100038351, "p95_ms": 240.39498700026343, "repeat_max_abs_difference": 0.0}
WARMUP episode-000096-late 0 240.87
WARMUP episode-000096-late 1 240.17
SAMPLE_OK {"sample": "episode-000096-late.npz", "sample_sha256": "79eb626b45284d513ac6411efbb5c809e31122690b899e655a8cf754e841461d", "episode": 96, "frame": 2224, "phase": "late", "warmup_ms": [240.8672250003292, 240.16858499999216], "latencies_ms": [239.63914599971758, 238.95385899959365, 239.665199999763, 239.7139699996842, 239.02861699934874, 239.12224600007903, 240.68070799967245, 240.31072100024176, 239.6065359998829, 240.13640000066516, 239.85300499953155, 239.5805919995837, 239.44189899975754, 239.12708800071414, 239.6301559992935, 239.85173599976406, 239.1391510000176, 238.9141829999062, 239.71081099989533, 240.46962600004917], "p50_ms": 239.63465099950554, "p95_ms": 240.48018010003034, "repeat_max_abs_difference": 0.0}
WARMUP episode-000097-early 0 239.84
WARMUP episode-000097-early 1 239.33
SAMPLE_OK {"sample": "episode-000097-early.npz", "sample_sha256": "1a3da5c6087e3e1841b8024421a2d21842e332370f7d11a2ba1bb61bc43d37dc", "episode": 97, "frame": 100, "phase": "early", "warmup_ms": [239.84208700039744, 239.33368699999846], "latencies_ms": [240.17605500011996, 240.46104199987894, 240.07306600015, 239.69503399985115, 239.57578400040802, 239.7062449999794, 239.9110019996442, 239.33086099987122, 239.25548199986224, 239.86740999953327, 240.07434299983288, 239.24535200058017, 239.1289199995299, 239.63958799959073, 239.72870800025703, 239.34244299925922, 240.767741000127, 240.9521740000855, 240.8006760006174, 240.20794199986994], "p50_ms": 239.79805899989515, "p95_ms": 240.8082509005908, "repeat_max_abs_difference": 0.0}
WARMUP episode-000097-middle 0 239.6
WARMUP episode-000097-middle 1 239.73
SAMPLE_OK {"sample": "episode-000097-middle.npz", "sample_sha256": "69a6950f558992dc9857d37e526cd03096835c823f38963837fd75483c96e147", "episode": 97, "frame": 1105, "phase": "middle", "warmup_ms": [239.59994899996673, 239.72910499924183], "latencies_ms": [239.89942699972744, 239.1943070006164, 239.27028700018127, 240.29819000043062, 240.62068699913652, 240.09559999922203, 239.99018399990746, 239.34763699980977, 238.97358599970175, 239.05111200019746, 239.07725200024288, 239.11720500018419, 239.69999400014785, 239.6885869993639, 239.0687879997131, 239.04728799971053, 239.7056870004235, 239.88374900000053, 240.23796799974662, 240.0122389999524], "p50_ms": 239.69429049975588, "p95_ms": 240.31431485036592, "repeat_max_abs_difference": 0.0}
WARMUP episode-000097-late 0 240.12
WARMUP episode-000097-late 1 241.22
SAMPLE_OK {"sample": "episode-000097-late.npz", "sample_sha256": "b296dac1adbefa81ab4c7cb44a1968b2f922ec0261d0978cfa0ed9bc7b549cf3", "episode": 97, "frame": 2110, "phase": "late", "warmup_ms": [240.12141299954237, 241.22014899967326], "latencies_ms": [240.09651500000473, 239.01405699962197, 239.14268399948924, 240.1791440006491, 239.9289430004501, 239.74028799966618, 239.11096200026805, 239.87482199936494, 240.10851499951968, 239.26626599950396, 239.1257859999314, 240.68350699963048, 240.36603799959266, 239.52693899991573, 240.1941150001221, 240.05819000012707, 239.91361900061747, 239.33043200031534, 239.25019200032693, 240.06845799976873], "p50_ms": 239.8942204999912, "p95_ms": 240.38191144959455, "repeat_max_abs_difference": 0.0}
SUITE_COMPLETE 239.7611909996158 240.80534630056718
