
=========
== JAX ==
=========

NVIDIA Release 26.05 (build 52078341)
Container image Copyright (c) 2026, NVIDIA CORPORATION & AFFILIATES. All rights reserved.

Various files include modifications (c) NVIDIA CORPORATION & AFFILIATES.  All rights reserved.

GOVERNING TERMS: The software and materials are governed by the NVIDIA Software License Agreement
(found at https://www.nvidia.com/en-us/agreements/enterprise-software/nvidia-software-license-agreement/)
and the Product-Specific Terms for NVIDIA AI Products
(found at https://www.nvidia.com/en-us/agreements/enterprise-software/product-specific-terms-for-ai-products/).

E0907 10:48:05.094061     155 cuda_executor.cc:1526] Could not get kernel mode driver version: ( INVALID_ARGUMENT: Version does not match the format X.Y.Z )
E0907 10:48:05.106147       1 cuda_executor.cc:1526] Could not get kernel mode driver version: ( INVALID_ARGUMENT: Version does not match the format X.Y.Z )
MODEL_LOAD_START
MODEL_LOAD_OK 4.83993049899982 {'bfloat16': 51}
WARMUP episode-000095-early 0 5107.1
WARMUP episode-000095-early 1 179.44
SAMPLE_OK {"sample": "episode-000095-early.npz", "sample_sha256": "3b2623cc18ee325742b2ec1baa187b89cb79353443b5585a31fec312bc72683e", "episode": 95, "frame": 100, "phase": "early", "warmup_ms": [5107.101139999941, 179.44476200045756], "latencies_ms": [177.88156799997523, 177.8504019994216, 177.37503799980914, 177.49878599988733, 177.5564139998096, 177.2782329999245, 177.16778099929797, 177.34782499974244, 177.84699399999226, 177.49630399976013, 177.35078700025042, 176.99027300022863, 177.2922970003492, 177.50284999965515, 178.23545200008084, 178.10939799983316, 177.53329400056828, 177.63970000032714, 177.80303199924674, 177.59548799949698], "p50_ms": 177.51807200011172, "p95_ms": 178.11570069984555, "repeat_max_abs_difference": 0.0}
WARMUP episode-000095-middle 0 177.7
WARMUP episode-000095-middle 1 177.33
SAMPLE_OK {"sample": "episode-000095-middle.npz", "sample_sha256": "c9ff7ede028e642a2a0d6791b812837f3de8fac5c6df36e356e6a252b0e95c6e", "episode": 95, "frame": 1714, "phase": "middle", "warmup_ms": [177.69697699986864, 177.3260179998033], "latencies_ms": [177.48372000005475, 177.23775099966588, 177.28799099950265, 177.4221010000474, 177.17771499974333, 177.1025770003689, 177.1142890002011, 177.2487509997518, 177.13447400001314, 177.11839200001123, 177.0259940003598, 177.19023399968137, 177.70925400054693, 177.88469700008136, 177.69928199959395, 177.15403900001547, 178.0632970003353, 177.65536700062512, 177.22403699917777, 176.9920689994251], "p50_ms": 177.23089399942182, "p95_ms": 177.89362700009406, "repeat_max_abs_difference": 0.0}
WARMUP episode-000095-late 0 177.76
WARMUP episode-000095-late 1 177.38
SAMPLE_OK {"sample": "episode-000095-late.npz", "sample_sha256": "6e7ef6a0d6f189b53ce6fa286e6707a79d4a01adf39ed7fb18c1dbe67a440c8b", "episode": 95, "frame": 3328, "phase": "late", "warmup_ms": [177.76139200032048, 177.37836900050752], "latencies_ms": [177.17961200014543, 177.34348000067257, 177.3969890000444, 177.0915020006214, 177.12865000066813, 177.27892599941697, 177.28298000020004, 177.2062879999794, 177.17959400033578, 177.379127999302, 177.7797240001746, 178.1839229997786, 178.13953599943488, 177.49081200054206, 178.26881100063474, 178.1535249992885, 177.62476300049457, 177.38455299968336, 177.43501599943556, 177.33882300035475], "p50_ms": 177.38184049949268, "p95_ms": 178.1881673998214, "repeat_max_abs_difference": 0.0}
WARMUP episode-000096-early 0 177.68
WARMUP episode-000096-early 1 177.68
SAMPLE_OK {"sample": "episode-000096-early.npz", "sample_sha256": "91726a0c81ecd77254ca9c7829793522ce8f50bc3bb9ec683f3a469ed7203f6f", "episode": 96, "frame": 100, "phase": "early", "warmup_ms": [177.67714299952786, 177.6761989995066], "latencies_ms": [177.80104000030406, 177.4295710001752, 177.36313700061146, 177.30140699950425, 177.4609230005808, 177.74069699953543, 177.76037200019346, 177.23292600021523, 177.26927700005035, 177.6483929997994, 178.60128000029363, 178.35511400062387, 177.5525689999995, 177.57280899968464, 177.67354900024657, 177.42411699964578, 177.2891089995028, 177.52732900044066, 177.8974440003367, 177.1522589997403], "p50_ms": 177.53994900022008, "p95_ms": 178.36742230060736, "repeat_max_abs_difference": 0.0}
WARMUP episode-000096-middle 0 177.64
WARMUP episode-000096-middle 1 177.38
SAMPLE_OK {"sample": "episode-000096-middle.npz", "sample_sha256": "74094522d58cdbe14446d3239d67f896b2e4549b1cff8c5b1acef41b9666925c", "episode": 96, "frame": 1162, "phase": "middle", "warmup_ms": [177.6376980005807, 177.375487000063], "latencies_ms": [177.22414699983347, 177.17930599974352, 177.28883099971426, 177.38925599951472, 177.4334589999853, 177.20324899983098, 177.22317400057364, 177.17590800020844, 177.40566399970703, 178.3514090002427, 178.37021600007574, 177.46941200039146, 177.33053499978269, 177.74667699995916, 177.65816900009668, 177.34119099986856, 177.30392300018138, 177.3852739997892, 177.3696899999777, 177.18561999936355], "p50_ms": 177.35544049992313, "p95_ms": 178.35234935023436, "repeat_max_abs_difference": 0.0}
WARMUP episode-000096-late 0 178.47
WARMUP episode-000096-late 1 177.49
SAMPLE_OK {"sample": "episode-000096-late.npz", "sample_sha256": "79eb626b45284d513ac6411efbb5c809e31122690b899e655a8cf754e841461d", "episode": 96, "frame": 2224, "phase": "late", "warmup_ms": [178.46645499957958, 177.48552200009726], "latencies_ms": [177.66502999984368, 177.6527880001595, 177.53638299927843, 177.5258550005674, 177.48531899997033, 177.41159700017306, 177.203656000529, 177.7082700000392, 177.78795300000638, 178.3105410004282, 178.1560229992465, 177.56351299976814, 178.09150499942916, 177.83116600003268, 177.42281000028015, 177.220108000256, 177.28275599984045, 177.39514300046721, 177.17778499991255, 177.39179999989574], "p50_ms": 177.5311189999229, "p95_ms": 178.16374889930557, "repeat_max_abs_difference": 0.0}
WARMUP episode-000097-early 0 177.76
WARMUP episode-000097-early 1 177.77
SAMPLE_OK {"sample": "episode-000097-early.npz", "sample_sha256": "1a3da5c6087e3e1841b8024421a2d21842e332370f7d11a2ba1bb61bc43d37dc", "episode": 97, "frame": 100, "phase": "early", "warmup_ms": [177.76325100021495, 177.77397200006817], "latencies_ms": [178.5940820000178, 178.08121699999901, 177.73210199993628, 177.25616400002764, 177.2414219994971, 177.26452500028245, 177.0168980001472, 177.21492300006503, 177.45702200045343, 177.1910610004852, 177.07865499960462, 177.14608999995107, 178.0838099994071, 177.905192000253, 177.4099849999402, 177.12488699999085, 177.36869899999874, 177.23471899989818, 177.0627300002161, 177.28172600072867], "p50_ms": 177.26034450015504, "p95_ms": 178.10932359943763, "repeat_max_abs_difference": 0.0}
WARMUP episode-000097-middle 0 177.52
WARMUP episode-000097-middle 1 177.14
SAMPLE_OK {"sample": "episode-000097-middle.npz", "sample_sha256": "69a6950f558992dc9857d37e526cd03096835c823f38963837fd75483c96e147", "episode": 97, "frame": 1105, "phase": "middle", "warmup_ms": [177.52019599993218, 177.14142399927368], "latencies_ms": [176.89762099962536, 177.22246799985442, 177.95179200038547, 177.6392499996291, 177.164079999784, 177.4381880004512, 177.81917399952363, 176.87810200004606, 176.81526899923483, 177.028581999366, 176.99148900010186, 177.2327740000037, 177.300022000054, 177.730416000486, 177.78869199992187, 177.32204899948556, 177.0655260006606, 177.85180200007744, 177.07205300030182, 177.0868400008112], "p50_ms": 177.22762099992906, "p95_ms": 177.85680150009284, "repeat_max_abs_difference": 0.0}
WARMUP episode-000097-late 0 177.72
WARMUP episode-000097-late 1 177.53
SAMPLE_OK {"sample": "episode-000097-late.npz", "sample_sha256": "b296dac1adbefa81ab4c7cb44a1968b2f922ec0261d0978cfa0ed9bc7b549cf3", "episode": 97, "frame": 2110, "phase": "late", "warmup_ms": [177.72248900018894, 177.53455599995505], "latencies_ms": [177.27370700049505, 177.23380000006728, 177.20234699936555, 177.35257799995452, 178.127418999793, 178.6405510001714, 177.9651710003236, 177.3882629995569, 177.4751680004556, 177.45757499960746, 177.52399100027105, 177.4307609994139, 180.52064799940126, 177.4702700004127, 177.29937399963092, 177.34689100052492, 177.47111199969368, 177.51084300016373, 177.33305800084054, 177.19107900029485], "p50_ms": 177.44416799951068, "p95_ms": 178.7345558501329, "repeat_max_abs_difference": 0.0}
SUITE_COMPLETE 177.39347150018148 178.23711995010854
