/home/wuyan/.conda/envs/condapi-yam/lib/python3.12/site-packages/torch/cuda/__init__.py:61: FutureWarning: The pynvml package is deprecated. Please install nvidia-ml-py instead. If you did not install pynvml directly, please report this to the maintainers of the package that installed pynvml for you.
  import pynvml  # type: ignore[import]
/home/wuyan/.conda/envs/condapi-yam/lib/python3.12/site-packages/torchvision/io/_video_deprecation_warning.py:5: UserWarning: The video decoding and encoding capabilities of torchvision are deprecated from version 0.22 and will be removed in version 0.24. We recommend that you migrate to TorchCodec, where we'll consolidate the future decoding/encoding capabilities of PyTorch: https://github.com/pytorch/torchcodec
  warnings.warn(
/home/wuyan/.conda/envs/condapi-yam/lib/python3.12/site-packages/torchvision/io/_video_deprecation_warning.py:5: UserWarning: The video decoding and encoding capabilities of torchvision are deprecated from version 0.22 and will be removed in version 0.24. We recommend that you migrate to TorchCodec, where we'll consolidate the future decoding/encoding capabilities of PyTorch: https://github.com/pytorch/torchcodec
  warnings.warn(
/home/wuyan/.conda/envs/condapi-yam/lib/python3.12/site-packages/torchvision/io/_video_deprecation_warning.py:5: UserWarning: The video decoding and encoding capabilities of torchvision are deprecated from version 0.22 and will be removed in version 0.24. We recommend that you migrate to TorchCodec, where we'll consolidate the future decoding/encoding capabilities of PyTorch: https://github.com/pytorch/torchcodec
  warnings.warn(
LOADER_EQUIVALENCE_PASS samples=12
{"episodes": 1, "total_episodes": 4458, "frames": 3428, "total_frames": 10374181, "seconds": 12.214252656965982}
{"episodes": 26, "total_episodes": 4458, "frames": 65169, "total_frames": 10374181, "seconds": 13.246117801987566}
{"episodes": 51, "total_episodes": 4458, "frames": 122665, "total_frames": 10374181, "seconds": 14.118126515008043}
{"episodes": 76, "total_episodes": 4458, "frames": 181169, "total_frames": 10374181, "seconds": 14.975975984008983}
{"episodes": 101, "total_episodes": 4458, "frames": 236384, "total_frames": 10374181, "seconds": 15.756470095016994}
{"episodes": 126, "total_episodes": 4458, "frames": 293312, "total_frames": 10374181, "seconds": 16.557069864007644}
{"episodes": 151, "total_episodes": 4458, "frames": 345577, "total_frames": 10374181, "seconds": 17.30026137101231}
{"episodes": 176, "total_episodes": 4458, "frames": 408822, "total_frames": 10374181, "seconds": 18.202753756020684}
{"episodes": 201, "total_episodes": 4458, "frames": 465480, "total_frames": 10374181, "seconds": 19.014316232991405}
{"episodes": 226, "total_episodes": 4458, "frames": 522905, "total_frames": 10374181, "seconds": 19.820389688014984}
{"episodes": 251, "total_episodes": 4458, "frames": 577122, "total_frames": 10374181, "seconds": 20.582012177968863}
{"episodes": 276, "total_episodes": 4458, "frames": 631484, "total_frames": 10374181, "seconds": 21.33786589896772}
{"episodes": 301, "total_episodes": 4458, "frames": 688788, "total_frames": 10374181, "seconds": 22.138850287010428}
{"episodes": 326, "total_episodes": 4458, "frames": 746337, "total_frames": 10374181, "seconds": 22.945131793967448}
{"episodes": 351, "total_episodes": 4458, "frames": 803019, "total_frames": 10374181, "seconds": 23.738763682020362}
{"episodes": 376, "total_episodes": 4458, "frames": 859747, "total_frames": 10374181, "seconds": 24.533732754003722}
{"episodes": 401, "total_episodes": 4458, "frames": 918289, "total_frames": 10374181, "seconds": 25.351403420965653}
{"episodes": 426, "total_episodes": 4458, "frames": 973246, "total_frames": 10374181, "seconds": 26.122292810003273}
{"episodes": 451, "total_episodes": 4458, "frames": 1033231, "total_frames": 10374181, "seconds": 26.9681419559638}
{"episodes": 476, "total_episodes": 4458, "frames": 1088821, "total_frames": 10374181, "seconds": 27.758337573963217}
{"episodes": 501, "total_episodes": 4458, "frames": 1149480, "total_frames": 10374181, "seconds": 28.611782355990727}
{"episodes": 526, "total_episodes": 4458, "frames": 1204572, "total_frames": 10374181, "seconds": 29.387277534988243}
{"episodes": 551, "total_episodes": 4458, "frames": 1270627, "total_frames": 10374181, "seconds": 30.30743198096752}
{"episodes": 576, "total_episodes": 4458, "frames": 1328026, "total_frames": 10374181, "seconds": 31.100909276981838}
{"episodes": 601, "total_episodes": 4458, "frames": 1385506, "total_frames": 10374181, "seconds": 31.909001522988547}
{"episodes": 626, "total_episodes": 4458, "frames": 1439053, "total_frames": 10374181, "seconds": 32.65787260700017}
{"episodes": 651, "total_episodes": 4458, "frames": 1501694, "total_frames": 10374181, "seconds": 33.53030987898819}
{"episodes": 676, "total_episodes": 4458, "frames": 1560415, "total_frames": 10374181, "seconds": 34.36375483701704}
{"episodes": 701, "total_episodes": 4458, "frames": 1619244, "total_frames": 10374181, "seconds": 35.20174324401887}
{"episodes": 726, "total_episodes": 4458, "frames": 1680030, "total_frames": 10374181, "seconds": 36.07331449701451}
{"episodes": 751, "total_episodes": 4458, "frames": 1739638, "total_frames": 10374181, "seconds": 36.91210544802016}
{"episodes": 776, "total_episodes": 4458, "frames": 1801631, "total_frames": 10374181, "seconds": 37.773155130969826}
{"episodes": 801, "total_episodes": 4458, "frames": 1863063, "total_frames": 10374181, "seconds": 38.62286415399285}
{"episodes": 826, "total_episodes": 4458, "frames": 1923768, "total_frames": 10374181, "seconds": 39.46050120797008}
{"episodes": 851, "total_episodes": 4458, "frames": 1983736, "total_frames": 10374181, "seconds": 40.299517578969244}
{"episodes": 876, "total_episodes": 4458, "frames": 2040137, "total_frames": 10374181, "seconds": 41.081988186982926}
{"episodes": 901, "total_episodes": 4458, "frames": 2097307, "total_frames": 10374181, "seconds": 41.874376492982265}
{"episodes": 926, "total_episodes": 4458, "frames": 2156610, "total_frames": 10374181, "seconds": 42.69643843098311}
{"episodes": 951, "total_episodes": 4458, "frames": 2214678, "total_frames": 10374181, "seconds": 43.52175553096458}
{"episodes": 976, "total_episodes": 4458, "frames": 2272787, "total_frames": 10374181, "seconds": 44.34318207897013}
{"episodes": 1001, "total_episodes": 4458, "frames": 2330637, "total_frames": 10374181, "seconds": 45.16733507200843}
{"episodes": 1026, "total_episodes": 4458, "frames": 2392002, "total_frames": 10374181, "seconds": 46.03082813601941}
{"episodes": 1051, "total_episodes": 4458, "frames": 2448052, "total_frames": 10374181, "seconds": 46.956474905018695}
{"episodes": 1076, "total_episodes": 4458, "frames": 2505032, "total_frames": 10374181, "seconds": 47.79471440700581}
{"episodes": 1101, "total_episodes": 4458, "frames": 2564385, "total_frames": 10374181, "seconds": 48.66658720799023}
{"episodes": 1126, "total_episodes": 4458, "frames": 2623932, "total_frames": 10374181, "seconds": 49.49705262196949}
{"episodes": 1151, "total_episodes": 4458, "frames": 2679664, "total_frames": 10374181, "seconds": 50.2921533829649}
{"episodes": 1176, "total_episodes": 4458, "frames": 2741450, "total_frames": 10374181, "seconds": 51.17693345597945}
{"episodes": 1201, "total_episodes": 4458, "frames": 2797212, "total_frames": 10374181, "seconds": 51.99690184299834}
{"episodes": 1226, "total_episodes": 4458, "frames": 2850650, "total_frames": 10374181, "seconds": 52.781315247993916}
{"episodes": 1251, "total_episodes": 4458, "frames": 2907696, "total_frames": 10374181, "seconds": 53.58685169799719}
{"episodes": 1276, "total_episodes": 4458, "frames": 2964269, "total_frames": 10374181, "seconds": 54.38140298501821}
{"episodes": 1301, "total_episodes": 4458, "frames": 3025703, "total_frames": 10374181, "seconds": 55.22787538799457}
{"episodes": 1326, "total_episodes": 4458, "frames": 3086043, "total_frames": 10374181, "seconds": 56.056787522975355}
{"episodes": 1351, "total_episodes": 4458, "frames": 3142398, "total_frames": 10374181, "seconds": 56.83299033698859}
{"episodes": 1376, "total_episodes": 4458, "frames": 3200072, "total_frames": 10374181, "seconds": 57.69369798497064}
{"episodes": 1401, "total_episodes": 4458, "frames": 3257192, "total_frames": 10374181, "seconds": 58.78753319801763}
{"episodes": 1426, "total_episodes": 4458, "frames": 3312643, "total_frames": 10374181, "seconds": 59.84949187800521}
{"episodes": 1451, "total_episodes": 4458, "frames": 3366054, "total_frames": 10374181, "seconds": 60.871268517978024}
{"episodes": 1476, "total_episodes": 4458, "frames": 3426181, "total_frames": 10374181, "seconds": 62.00745217700023}
{"episodes": 1501, "total_episodes": 4458, "frames": 3485131, "total_frames": 10374181, "seconds": 63.12727330101188}
{"episodes": 1526, "total_episodes": 4458, "frames": 3538340, "total_frames": 10374181, "seconds": 64.15695573599078}
{"episodes": 1551, "total_episodes": 4458, "frames": 3593330, "total_frames": 10374181, "seconds": 65.18759766296716}
{"episodes": 1576, "total_episodes": 4458, "frames": 3651783, "total_frames": 10374181, "seconds": 66.31241863197647}
{"episodes": 1601, "total_episodes": 4458, "frames": 3714055, "total_frames": 10374181, "seconds": 67.50734191999072}
{"episodes": 1626, "total_episodes": 4458, "frames": 3769428, "total_frames": 10374181, "seconds": 68.55554595496505}
{"episodes": 1651, "total_episodes": 4458, "frames": 3832795, "total_frames": 10374181, "seconds": 69.73814664100064}
{"episodes": 1676, "total_episodes": 4458, "frames": 3891676, "total_frames": 10374181, "seconds": 70.86066328501329}
{"episodes": 1701, "total_episodes": 4458, "frames": 3949658, "total_frames": 10374181, "seconds": 71.96111101598945}
{"episodes": 1726, "total_episodes": 4458, "frames": 4006617, "total_frames": 10374181, "seconds": 73.04927387897624}
{"episodes": 1751, "total_episodes": 4458, "frames": 4076560, "total_frames": 10374181, "seconds": 74.25717774097575}
{"episodes": 1776, "total_episodes": 4458, "frames": 4131561, "total_frames": 10374181, "seconds": 75.02973539201776}
{"episodes": 1801, "total_episodes": 4458, "frames": 4191901, "total_frames": 10374181, "seconds": 75.89879324601498}
{"episodes": 1826, "total_episodes": 4458, "frames": 4252248, "total_frames": 10374181, "seconds": 76.75510125799337}
{"episodes": 1851, "total_episodes": 4458, "frames": 4314603, "total_frames": 10374181, "seconds": 77.62284543301212}
{"episodes": 1876, "total_episodes": 4458, "frames": 4368332, "total_frames": 10374181, "seconds": 78.37349328398705}
{"episodes": 1901, "total_episodes": 4458, "frames": 4427898, "total_frames": 10374181, "seconds": 79.2024672999978}
{"episodes": 1926, "total_episodes": 4458, "frames": 4487292, "total_frames": 10374181, "seconds": 80.02703384601045}
{"episodes": 1951, "total_episodes": 4458, "frames": 4546934, "total_frames": 10374181, "seconds": 80.8553548459895}
{"episodes": 1976, "total_episodes": 4458, "frames": 4611966, "total_frames": 10374181, "seconds": 81.75639858399518}
{"episodes": 2001, "total_episodes": 4458, "frames": 4672119, "total_frames": 10374181, "seconds": 82.58799964701757}
{"episodes": 2026, "total_episodes": 4458, "frames": 4729939, "total_frames": 10374181, "seconds": 83.39197737496579}
{"episodes": 2051, "total_episodes": 4458, "frames": 4792717, "total_frames": 10374181, "seconds": 84.25999631400919}
{"episodes": 2076, "total_episodes": 4458, "frames": 4852687, "total_frames": 10374181, "seconds": 85.09526130801532}
{"episodes": 2101, "total_episodes": 4458, "frames": 4910056, "total_frames": 10374181, "seconds": 85.90321657800814}
{"episodes": 2126, "total_episodes": 4458, "frames": 4964234, "total_frames": 10374181, "seconds": 86.6657710680156}
{"episodes": 2151, "total_episodes": 4458, "frames": 5018210, "total_frames": 10374181, "seconds": 87.42944880196592}
{"episodes": 2176, "total_episodes": 4458, "frames": 5079310, "total_frames": 10374181, "seconds": 88.28694695897866}
{"episodes": 2201, "total_episodes": 4458, "frames": 5136080, "total_frames": 10374181, "seconds": 89.09570681198966}
{"episodes": 2226, "total_episodes": 4458, "frames": 5192499, "total_frames": 10374181, "seconds": 89.91514577600174}
{"episodes": 2251, "total_episodes": 4458, "frames": 5251314, "total_frames": 10374181, "seconds": 90.7659069969668}
{"episodes": 2276, "total_episodes": 4458, "frames": 5311455, "total_frames": 10374181, "seconds": 91.63117875700118}
{"episodes": 2301, "total_episodes": 4458, "frames": 5370452, "total_frames": 10374181, "seconds": 92.49368096800754}
{"episodes": 2326, "total_episodes": 4458, "frames": 5431255, "total_frames": 10374181, "seconds": 93.39912860898767}
{"episodes": 2351, "total_episodes": 4458, "frames": 5489279, "total_frames": 10374181, "seconds": 94.27424945501843}
{"episodes": 2376, "total_episodes": 4458, "frames": 5544770, "total_frames": 10374181, "seconds": 95.09391527296975}
{"episodes": 2401, "total_episodes": 4458, "frames": 5599889, "total_frames": 10374181, "seconds": 95.90901673701592}
{"episodes": 2426, "total_episodes": 4458, "frames": 5655485, "total_frames": 10374181, "seconds": 96.75128462101566}
{"episodes": 2451, "total_episodes": 4458, "frames": 5715578, "total_frames": 10374181, "seconds": 97.65064561297186}
{"episodes": 2476, "total_episodes": 4458, "frames": 5767585, "total_frames": 10374181, "seconds": 98.4468173480127}
{"episodes": 2501, "total_episodes": 4458, "frames": 5827122, "total_frames": 10374181, "seconds": 99.3370833619847}
{"episodes": 2526, "total_episodes": 4458, "frames": 5884760, "total_frames": 10374181, "seconds": 100.16777674201876}
{"episodes": 2551, "total_episodes": 4458, "frames": 5943243, "total_frames": 10374181, "seconds": 101.047955987975}
{"episodes": 2576, "total_episodes": 4458, "frames": 6000399, "total_frames": 10374181, "seconds": 101.91407332499512}
{"episodes": 2601, "total_episodes": 4458, "frames": 6058263, "total_frames": 10374181, "seconds": 102.78845788101899}
{"episodes": 2626, "total_episodes": 4458, "frames": 6119903, "total_frames": 10374181, "seconds": 103.71009717899142}
{"episodes": 2651, "total_episodes": 4458, "frames": 6174740, "total_frames": 10374181, "seconds": 104.4848668630002}
{"episodes": 2676, "total_episodes": 4458, "frames": 6229837, "total_frames": 10374181, "seconds": 105.2636520480155}
{"episodes": 2701, "total_episodes": 4458, "frames": 6283668, "total_frames": 10374181, "seconds": 106.02123169397237}
{"episodes": 2726, "total_episodes": 4458, "frames": 6349587, "total_frames": 10374181, "seconds": 106.92909898498328}
{"episodes": 2751, "total_episodes": 4458, "frames": 6408273, "total_frames": 10374181, "seconds": 107.73415955499513}
{"episodes": 2776, "total_episodes": 4458, "frames": 6467020, "total_frames": 10374181, "seconds": 108.53765510197263}
{"episodes": 2801, "total_episodes": 4458, "frames": 6519552, "total_frames": 10374181, "seconds": 109.27739060600288}
{"episodes": 2826, "total_episodes": 4458, "frames": 6579224, "total_frames": 10374181, "seconds": 110.12656942597823}
{"episodes": 2851, "total_episodes": 4458, "frames": 6633085, "total_frames": 10374181, "seconds": 110.89688577200286}
{"episodes": 2876, "total_episodes": 4458, "frames": 6688887, "total_frames": 10374181, "seconds": 111.67616931500379}
{"episodes": 2901, "total_episodes": 4458, "frames": 6746486, "total_frames": 10374181, "seconds": 112.47429739200743}
{"episodes": 2926, "total_episodes": 4458, "frames": 6803524, "total_frames": 10374181, "seconds": 113.26125745096942}
{"episodes": 2951, "total_episodes": 4458, "frames": 6859682, "total_frames": 10374181, "seconds": 114.04229680501157}
{"episodes": 2976, "total_episodes": 4458, "frames": 6915167, "total_frames": 10374181, "seconds": 114.81594945699908}
{"episodes": 3001, "total_episodes": 4458, "frames": 6981133, "total_frames": 10374181, "seconds": 115.72113029100001}
{"episodes": 3026, "total_episodes": 4458, "frames": 7038278, "total_frames": 10374181, "seconds": 116.50749724399066}
{"episodes": 3051, "total_episodes": 4458, "frames": 7095279, "total_frames": 10374181, "seconds": 117.2980963299633}
{"episodes": 3076, "total_episodes": 4458, "frames": 7148305, "total_frames": 10374181, "seconds": 118.03642833401682}
{"episodes": 3101, "total_episodes": 4458, "frames": 7212661, "total_frames": 10374181, "seconds": 119.00498556398088}
{"episodes": 3126, "total_episodes": 4458, "frames": 7270662, "total_frames": 10374181, "seconds": 119.83733274997212}
{"episodes": 3151, "total_episodes": 4458, "frames": 7331571, "total_frames": 10374181, "seconds": 120.70255497499602}
{"episodes": 3176, "total_episodes": 4458, "frames": 7390033, "total_frames": 10374181, "seconds": 121.53629270900274}
{"episodes": 3201, "total_episodes": 4458, "frames": 7445169, "total_frames": 10374181, "seconds": 122.32881952996831}
{"episodes": 3226, "total_episodes": 4458, "frames": 7511485, "total_frames": 10374181, "seconds": 123.27124699996784}
{"episodes": 3251, "total_episodes": 4458, "frames": 7575654, "total_frames": 10374181, "seconds": 124.18391130701639}
{"episodes": 3276, "total_episodes": 4458, "frames": 7629118, "total_frames": 10374181, "seconds": 124.95556604396552}
{"episodes": 3301, "total_episodes": 4458, "frames": 7684179, "total_frames": 10374181, "seconds": 125.74388251296477}
{"episodes": 3326, "total_episodes": 4458, "frames": 7741677, "total_frames": 10374181, "seconds": 126.5689552439726}
{"episodes": 3351, "total_episodes": 4458, "frames": 7799618, "total_frames": 10374181, "seconds": 127.40127616497921}
{"episodes": 3376, "total_episodes": 4458, "frames": 7861167, "total_frames": 10374181, "seconds": 128.27969949698308}
{"episodes": 3401, "total_episodes": 4458, "frames": 7918687, "total_frames": 10374181, "seconds": 129.0986054209643}
{"episodes": 3426, "total_episodes": 4458, "frames": 7978615, "total_frames": 10374181, "seconds": 129.95360002300004}
{"episodes": 3451, "total_episodes": 4458, "frames": 8037203, "total_frames": 10374181, "seconds": 130.79201687301975}
{"episodes": 3476, "total_episodes": 4458, "frames": 8096775, "total_frames": 10374181, "seconds": 131.63961145601934}
{"episodes": 3501, "total_episodes": 4458, "frames": 8156321, "total_frames": 10374181, "seconds": 132.48652749997564}
{"episodes": 3526, "total_episodes": 4458, "frames": 8213592, "total_frames": 10374181, "seconds": 133.3066643399652}
{"episodes": 3551, "total_episodes": 4458, "frames": 8271419, "total_frames": 10374181, "seconds": 134.13483272999292}
{"episodes": 3576, "total_episodes": 4458, "frames": 8328121, "total_frames": 10374181, "seconds": 134.9447870120057}
{"episodes": 3601, "total_episodes": 4458, "frames": 8383548, "total_frames": 10374181, "seconds": 135.74043260101462}
{"episodes": 3626, "total_episodes": 4458, "frames": 8439946, "total_frames": 10374181, "seconds": 136.54887135600438}
{"episodes": 3651, "total_episodes": 4458, "frames": 8496644, "total_frames": 10374181, "seconds": 137.36165866500232}
{"episodes": 3676, "total_episodes": 4458, "frames": 8553417, "total_frames": 10374181, "seconds": 138.17283043498173}
{"episodes": 3701, "total_episodes": 4458, "frames": 8611428, "total_frames": 10374181, "seconds": 139.0017422849778}
{"episodes": 3726, "total_episodes": 4458, "frames": 8669622, "total_frames": 10374181, "seconds": 139.84362695598975}
{"episodes": 3751, "total_episodes": 4458, "frames": 8730960, "total_frames": 10374181, "seconds": 140.72077074099798}
{"episodes": 3776, "total_episodes": 4458, "frames": 8786198, "total_frames": 10374181, "seconds": 141.5117354199756}
{"episodes": 3801, "total_episodes": 4458, "frames": 8852124, "total_frames": 10374181, "seconds": 142.44275602296693}
{"episodes": 3826, "total_episodes": 4458, "frames": 8907181, "total_frames": 10374181, "seconds": 143.22670779301552}
{"episodes": 3851, "total_episodes": 4458, "frames": 8965074, "total_frames": 10374181, "seconds": 144.05249737098347}
{"episodes": 3876, "total_episodes": 4458, "frames": 9021265, "total_frames": 10374181, "seconds": 144.8545693869819}
{"episodes": 3901, "total_episodes": 4458, "frames": 9082395, "total_frames": 10374181, "seconds": 145.7204445959651}
{"episodes": 3926, "total_episodes": 4458, "frames": 9138447, "total_frames": 10374181, "seconds": 146.51947375800228}
{"episodes": 3951, "total_episodes": 4458, "frames": 9198179, "total_frames": 10374181, "seconds": 147.37143898097565}
{"episodes": 3976, "total_episodes": 4458, "frames": 9261631, "total_frames": 10374181, "seconds": 148.27241816796595}
{"episodes": 4001, "total_episodes": 4458, "frames": 9324613, "total_frames": 10374181, "seconds": 149.1653144719894}
{"episodes": 4026, "total_episodes": 4458, "frames": 9381430, "total_frames": 10374181, "seconds": 149.97839861398097}
{"episodes": 4051, "total_episodes": 4458, "frames": 9440885, "total_frames": 10374181, "seconds": 150.825052900007}
{"episodes": 4076, "total_episodes": 4458, "frames": 9496155, "total_frames": 10374181, "seconds": 151.61829390801722}
{"episodes": 4101, "total_episodes": 4458, "frames": 9550262, "total_frames": 10374181, "seconds": 152.39994287700392}
{"episodes": 4126, "total_episodes": 4458, "frames": 9605584, "total_frames": 10374181, "seconds": 153.18796680198284}
{"episodes": 4151, "total_episodes": 4458, "frames": 9662901, "total_frames": 10374181, "seconds": 154.00661721499637}
{"episodes": 4176, "total_episodes": 4458, "frames": 9721355, "total_frames": 10374181, "seconds": 154.83816876198398}
{"episodes": 4201, "total_episodes": 4458, "frames": 9786592, "total_frames": 10374181, "seconds": 155.76101822697092}
{"episodes": 4226, "total_episodes": 4458, "frames": 9842944, "total_frames": 10374181, "seconds": 156.56543839996448}
{"episodes": 4251, "total_episodes": 4458, "frames": 9898950, "total_frames": 10374181, "seconds": 157.36305782198906}
{"episodes": 4276, "total_episodes": 4458, "frames": 9953926, "total_frames": 10374181, "seconds": 158.15350156696513}
{"episodes": 4301, "total_episodes": 4458, "frames": 10010398, "total_frames": 10374181, "seconds": 158.9583875669632}
{"episodes": 4326, "total_episodes": 4458, "frames": 10073196, "total_frames": 10374181, "seconds": 159.84976982796798}
{"episodes": 4351, "total_episodes": 4458, "frames": 10129086, "total_frames": 10374181, "seconds": 160.6517553749727}
{"episodes": 4376, "total_episodes": 4458, "frames": 10181189, "total_frames": 10374181, "seconds": 161.40055250900332}
{"episodes": 4401, "total_episodes": 4458, "frames": 10239232, "total_frames": 10374181, "seconds": 162.2255953499698}
{"episodes": 4426, "total_episodes": 4458, "frames": 10297791, "total_frames": 10374181, "seconds": 163.05714679701487}
{"episodes": 4451, "total_episodes": 4458, "frames": 10356947, "total_frames": 10374181, "seconds": 163.89966907800408}
{"episodes": 4458, "total_episodes": 4458, "frames": 10374181, "total_frames": 10374181, "seconds": 164.1435938909999}
NORM_COMPLETE=/home/wuyan/lyj/YAM/env-transfer/pi05-full-norm-20260908.mgkPSsmT/assets/yam/norm_stats.json frames=10374181
