
=============
== PyTorch ==
=============

NVIDIA Release 26.05 (build 313520560)
PyTorch Version 2.12.0a0+5aff392
Container image Copyright (c) 2026, NVIDIA CORPORATION & AFFILIATES. All rights reserved.
Copyright (c) 2014-2024 Facebook Inc.
Copyright (c) 2011-2014 Idiap Research Institute (Ronan Collobert)
Copyright (c) 2012-2014 Deepmind Technologies    (Koray Kavukcuoglu)
Copyright (c) 2011-2012 NEC Laboratories America (Koray Kavukcuoglu)
Copyright (c) 2011-2013 NYU                      (Clement Farabet)
Copyright (c) 2006-2010 NEC Laboratories America (Ronan Collobert, Leon Bottou, Iain Melvin, Jason Weston)
Copyright (c) 2006      Idiap Research Institute (Samy Bengio)
Copyright (c) 2001-2004 Idiap Research Institute (Ronan Collobert, Samy Bengio, Johnny Mariethoz)
Copyright (c) 2015      Google Inc.
Copyright (c) 2015      Yangqing Jia
Copyright (c) 2013-2016 The Caffe contributors
All rights reserved.

Various files include modifications (c) NVIDIA CORPORATION & AFFILIATES.  All rights reserved.

GOVERNING TERMS: The software and materials are governed by the NVIDIA Software License Agreement
(found at https://www.nvidia.com/en-us/agreements/enterprise-software/nvidia-software-license-agreement/)
and the Product-Specific Terms for NVIDIA AI Products
(found at https://www.nvidia.com/en-us/agreements/enterprise-software/product-specific-terms-for-ai-products/).

MODEL_LOAD_START
W0907 12:27:59.838000 1 torch/utils/_pytree.py:630] <enum 'KernelPreference'> is an Enum subclass and is now natively supported by torch.compile as an opaque value type. Calling register_constant() on Enum subclasses is deprecated and will be an error in a future release.
MODEL_LOAD_OK 67.54832741099926 {'torch.float32': 122, 'torch.bfloat16': 690}
WARMUP episode-000095-early 0 624.19
WARMUP episode-000095-early 1 221.41
SAMPLE_OK {"sample": "episode-000095-early.npz", "sample_sha256": "3b2623cc18ee325742b2ec1baa187b89cb79353443b5585a31fec312bc72683e", "episode": 95, "frame": 100, "phase": "early", "warmup_ms": [624.191715998677, 221.41465100139612], "latencies_ms": [220.71097699881648, 219.8277709994727, 222.37244800089684, 223.16171499915072, 225.10428100031277, 220.67785400031426, 234.7080609997647, 233.95816300035222, 229.2755770013173, 228.78805800064583, 233.4244009998656, 228.1990390001738, 228.44673200052057, 228.72250900036306, 227.78365900012432, 226.7534809998324, 227.21667499899922, 223.091136000221, 221.35617200001434, 221.00537699952838], "p50_ms": 226.9850779994158, "p95_ms": 233.99565790032284, "repeat_max_abs_difference": 0.0}
WARMUP episode-000095-middle 0 226.26
WARMUP episode-000095-middle 1 220.32
SAMPLE_OK {"sample": "episode-000095-middle.npz", "sample_sha256": "c9ff7ede028e642a2a0d6791b812837f3de8fac5c6df36e356e6a252b0e95c6e", "episode": 95, "frame": 1714, "phase": "middle", "warmup_ms": [226.25560800042877, 220.322106999447], "latencies_ms": [220.66284699940297, 220.20455900019442, 219.99300499919627, 219.80422499837005, 219.56195500024478, 221.3203639985295, 220.15522500078077, 220.17782500006433, 222.75721400001203, 220.7273999993049, 220.256361999418, 220.0263159993483, 220.4002029993717, 219.99522099940805, 220.25550900070812, 219.77277699988917, 219.9203230011335, 220.40311799901247, 220.26161799840338, 220.26636800001143], "p50_ms": 220.23003400045127, "p95_ms": 221.39220649860363, "repeat_max_abs_difference": 0.0}
WARMUP episode-000095-late 0 220.53
WARMUP episode-000095-late 1 221.0
SAMPLE_OK {"sample": "episode-000095-late.npz", "sample_sha256": "6e7ef6a0d6f189b53ce6fa286e6707a79d4a01adf39ed7fb18c1dbe67a440c8b", "episode": 95, "frame": 3328, "phase": "late", "warmup_ms": [220.526589999281, 221.0041070011357], "latencies_ms": [226.66795199984335, 220.972189999884, 223.0200710000645, 221.9145139988541, 220.87478200046462, 220.57920599945646, 220.9242169992649, 220.22579000076803, 219.98198500114086, 220.7060389991966, 222.24409399859724, 221.5400019995286, 220.6342699992092, 220.56959300061862, 221.69065800153476, 220.55440599979192, 220.94438899875968, 220.11872999974003, 220.35914699881687, 220.37867399922106], "p50_ms": 220.7904104998306, "p95_ms": 223.20246505005343, "repeat_max_abs_difference": 0.0}
WARMUP episode-000096-early 0 222.54
WARMUP episode-000096-early 1 220.94
SAMPLE_OK {"sample": "episode-000096-early.npz", "sample_sha256": "91726a0c81ecd77254ca9c7829793522ce8f50bc3bb9ec683f3a469ed7203f6f", "episode": 96, "frame": 100, "phase": "early", "warmup_ms": [222.54382400024042, 220.94487799950002], "latencies_ms": [220.54264500002319, 220.05928399994445, 220.2639690003707, 219.8520340007235, 220.0595880003675, 222.15448599854426, 221.3930319994688, 220.71419900021283, 222.53251499932958, 220.79017000032763, 220.51809500044328, 220.19449300023552, 220.22182799992152, 220.27162300037162, 219.8662869996042, 219.73529800015967, 220.28523300105007, 222.2450930003106, 220.79809199931333, 222.47857299953466], "p50_ms": 220.40166400074668, "p95_ms": 222.4812700995244, "repeat_max_abs_difference": 0.0}
WARMUP episode-000096-middle 0 221.82
WARMUP episode-000096-middle 1 220.92
SAMPLE_OK {"sample": "episode-000096-middle.npz", "sample_sha256": "74094522d58cdbe14446d3239d67f896b2e4549b1cff8c5b1acef41b9666925c", "episode": 96, "frame": 1162, "phase": "middle", "warmup_ms": [221.82274000078905, 220.9233800003858], "latencies_ms": [219.9903959990479, 220.62078499948257, 222.92559100060316, 225.08219300107157, 222.36346099998627, 221.3294590001169, 221.33233999920776, 221.33584800030803, 221.10966299987922, 220.54055999979028, 220.67844000048353, 223.24047599977348, 223.09098600089783, 222.04734700062545, 222.0417249991442, 221.38934599934146, 221.04040900012478, 221.45477999947616, 221.40639999997802, 220.650317000036], "p50_ms": 221.36259699982475, "p95_ms": 223.33256184983838, "repeat_max_abs_difference": 0.0}
WARMUP episode-000096-late 0 221.2
WARMUP episode-000096-late 1 220.98
SAMPLE_OK {"sample": "episode-000096-late.npz", "sample_sha256": "79eb626b45284d513ac6411efbb5c809e31122690b899e655a8cf754e841461d", "episode": 96, "frame": 2224, "phase": "late", "warmup_ms": [221.20038899993233, 220.97554599895375], "latencies_ms": [222.3247239999182, 221.8762490010704, 223.69820299900312, 221.76067500004137, 221.12271200057876, 221.24961800000165, 221.0452470008022, 221.36558100100956, 221.49761699984083, 221.3419330000761, 220.76619900144578, 221.00479300024745, 221.62325399949623, 221.1010230003012, 221.2074119997851, 221.6378929988423, 224.56456899999466, 221.48056799960614, 221.24082700065628, 221.82671599875903], "p50_ms": 221.42307450030785, "p95_ms": 223.7415212990527, "repeat_max_abs_difference": 0.0}
WARMUP episode-000097-early 0 221.31
WARMUP episode-000097-early 1 221.44
SAMPLE_OK {"sample": "episode-000097-early.npz", "sample_sha256": "1a3da5c6087e3e1841b8024421a2d21842e332370f7d11a2ba1bb61bc43d37dc", "episode": 97, "frame": 100, "phase": "early", "warmup_ms": [221.31137199903606, 221.4365390009334], "latencies_ms": [221.17909400003555, 221.42027900008543, 223.18775900021137, 222.2188340001594, 221.29799999856914, 221.25581500040425, 221.49420200003078, 221.2063599999965, 223.38175799995952, 221.47716599829437, 221.16574800020317, 221.60445000008622, 222.78437800014217, 221.7118210010085, 221.5211550010281, 221.6335960001743, 220.86218999902485, 221.0939029992005, 221.01047599971935, 221.2384850008675], "p50_ms": 221.4487224991899, "p95_ms": 223.19745895019878, "repeat_max_abs_difference": 0.0}
WARMUP episode-000097-middle 0 221.67
WARMUP episode-000097-middle 1 223.21
SAMPLE_OK {"sample": "episode-000097-middle.npz", "sample_sha256": "69a6950f558992dc9857d37e526cd03096835c823f38963837fd75483c96e147", "episode": 97, "frame": 1105, "phase": "middle", "warmup_ms": [221.66592899884563, 223.21260499847995], "latencies_ms": [222.31802100031928, 221.86836400032917, 224.172964999525, 224.95199299919477, 226.0359640004026, 223.97867799918458, 224.38873300052364, 222.01047199996538, 221.55372199995327, 222.09353699872736, 221.27869500036468, 221.1033410003438, 221.14547999990464, 223.79735100003018, 222.19103499992343, 221.7435900001874, 221.50384799897438, 220.92106200034323, 221.38953400099126, 221.0972649991163], "p50_ms": 221.93941800014727, "p95_ms": 225.00619154925516, "repeat_max_abs_difference": 0.0}
WARMUP episode-000097-late 0 220.92
WARMUP episode-000097-late 1 220.63
SAMPLE_OK {"sample": "episode-000097-late.npz", "sample_sha256": "b296dac1adbefa81ab4c7cb44a1968b2f922ec0261d0978cfa0ed9bc7b549cf3", "episode": 97, "frame": 2110, "phase": "late", "warmup_ms": [220.91581099994073, 220.63336499923025], "latencies_ms": [222.18982800040976, 222.91412400045374, 221.70125400043617, 221.34296500007622, 221.3219109999045, 222.80529899944668, 221.81344799901126, 221.36912099995243, 221.07369500008645, 221.3495839987445, 221.0359269993205, 221.97935199983476, 222.22232300009637, 221.43927800061647, 221.1338880006224, 221.18101799969736, 221.37819300041883, 221.6132200010179, 222.89920200091728, 221.84030400057964], "p50_ms": 221.5262490008172, "p95_ms": 222.8999481008941, "repeat_max_abs_difference": 0.0}
SUITE_COMPLETE 221.34244900007616 227.24502419905548
