
=============
== PyTorch ==
=============

NVIDIA Release 26.05 (build 313520560)
PyTorch Version 2.12.0a0+5aff392
Container image Copyright (c) 2026, NVIDIA CORPORATION & AFFILIATES. All rights reserved.
Copyright (c) 2014-2024 Facebook Inc.
Copyright (c) 2011-2014 Idiap Research Institute (Ronan Collobert)
Copyright (c) 2012-2014 Deepmind Technologies    (Koray Kavukcuoglu)
Copyright (c) 2011-2012 NEC Laboratories America (Koray Kavukcuoglu)
Copyright (c) 2011-2013 NYU                      (Clement Farabet)
Copyright (c) 2006-2010 NEC Laboratories America (Ronan Collobert, Leon Bottou, Iain Melvin, Jason Weston)
Copyright (c) 2006      Idiap Research Institute (Samy Bengio)
Copyright (c) 2001-2004 Idiap Research Institute (Ronan Collobert, Samy Bengio, Johnny Mariethoz)
Copyright (c) 2015      Google Inc.
Copyright (c) 2015      Yangqing Jia
Copyright (c) 2013-2016 The Caffe contributors
All rights reserved.

Various files include modifications (c) NVIDIA CORPORATION & AFFILIATES.  All rights reserved.

GOVERNING TERMS: The software and materials are governed by the NVIDIA Software License Agreement
(found at https://www.nvidia.com/en-us/agreements/enterprise-software/nvidia-software-license-agreement/)
and the Product-Specific Terms for NVIDIA AI Products
(found at https://www.nvidia.com/en-us/agreements/enterprise-software/product-specific-terms-for-ai-products/).

MODEL_LOAD_START
W0907 12:22:25.812000 1 torch/utils/_pytree.py:630] <enum 'KernelPreference'> is an Enum subclass and is now natively supported by torch.compile as an opaque value type. Calling register_constant() on Enum subclasses is deprecated and will be an error in a future release.
MODEL_LOAD_OK 71.39597922699977 {'torch.float32': 812}
WARMUP episode-000095-early 0 1561.14
WARMUP episode-000095-early 1 1249.38
SAMPLE_OK {"sample": "episode-000095-early.npz", "sample_sha256": "3b2623cc18ee325742b2ec1baa187b89cb79353443b5585a31fec312bc72683e", "episode": 95, "frame": 100, "phase": "early", "warmup_ms": [1561.1427789990557, 1249.3761129990162], "latencies_ms": [1248.7779650000448, 1248.8677950004785, 1250.717622000593, 1249.288400000296, 1249.3734969993966, 1249.1044930011412, 1248.942211999747, 1249.1626430000906, 1249.144220000744, 1249.101031000464, 1251.209628999277, 1248.464383999817, 1250.207106999369, 1249.2840830000205, 1249.2293200011773, 1248.7309439984529, 1248.7738740001078, 1248.8895110000158, 1249.5998260001215, 1249.189127000136], "p50_ms": 1249.1534315004174, "p95_ms": 1250.7422223505273, "repeat_max_abs_difference": 0.0}
WARMUP episode-000095-middle 0 1252.23
WARMUP episode-000095-middle 1 1250.46
SAMPLE_OK {"sample": "episode-000095-middle.npz", "sample_sha256": "c9ff7ede028e642a2a0d6791b812837f3de8fac5c6df36e356e6a252b0e95c6e", "episode": 95, "frame": 1714, "phase": "middle", "warmup_ms": [1252.229873000033, 1250.4608089984686], "latencies_ms": [1249.6434049990057, 1249.5162159993924, 1248.6975609990623, 1248.185705000651, 1248.121397999057, 1248.5691270012467, 1247.8680739986885, 1249.325761998989, 1249.556593998932, 1248.596384000848, 1249.5817260005424, 1249.4002250004996, 1249.2750920009712, 1249.965175999023, 1249.7285220015328, 1248.7728229989443, 1249.8500570000033, 1249.5093760007876, 1249.076760999742, 1249.5973069999309], "p50_ms": 1249.3629934997443, "p95_ms": 1249.8558129499543, "repeat_max_abs_difference": 0.0}
WARMUP episode-000095-late 0 1250.82
WARMUP episode-000095-late 1 1248.89
SAMPLE_OK {"sample": "episode-000095-late.npz", "sample_sha256": "6e7ef6a0d6f189b53ce6fa286e6707a79d4a01adf39ed7fb18c1dbe67a440c8b", "episode": 95, "frame": 3328, "phase": "late", "warmup_ms": [1250.8224389985116, 1248.8944959986839], "latencies_ms": [1248.5658609984966, 1248.6917129990616, 1249.9044109990791, 1249.6010650011158, 1248.8768740004161, 1249.9285520007106, 1249.106547998963, 1249.2513060005876, 1248.7405049996596, 1248.9950050003245, 1248.8359670005593, 1249.6075969993399, 1252.262129999508, 1251.8661189988052, 1250.5445400001918, 1249.6212580008432, 1249.2954949993873, 1251.1305190000712, 1250.1866630009317, 1250.6384779990185], "p50_ms": 1249.6043310002278, "p95_ms": 1251.8859195488403, "repeat_max_abs_difference": 0.0}
WARMUP episode-000096-early 0 1248.28
WARMUP episode-000096-early 1 1248.24
SAMPLE_OK {"sample": "episode-000096-early.npz", "sample_sha256": "91726a0c81ecd77254ca9c7829793522ce8f50bc3bb9ec683f3a469ed7203f6f", "episode": 96, "frame": 100, "phase": "early", "warmup_ms": [1248.2847000010224, 1248.2411639994098], "latencies_ms": [1248.5595239995746, 1247.7859579994401, 1247.0608600015112, 1247.8111310010718, 1248.0856599995604, 1247.4898980017315, 1248.793371998545, 1248.488240998995, 1249.6330670001043, 1248.9767330007453, 1249.353166000219, 1248.5991650009964, 1248.587583000699, 1249.8583260003215, 1249.5426760015107, 1250.0361950005754, 1249.3568139998388, 1250.2300659998582, 1249.2931739998312, 1247.6116060006461], "p50_ms": 1248.6962684997707, "p95_ms": 1250.0458885505395, "repeat_max_abs_difference": 0.0}
WARMUP episode-000096-middle 0 1247.7
WARMUP episode-000096-middle 1 1246.73
SAMPLE_OK {"sample": "episode-000096-middle.npz", "sample_sha256": "74094522d58cdbe14446d3239d67f896b2e4549b1cff8c5b1acef41b9666925c", "episode": 96, "frame": 1162, "phase": "middle", "warmup_ms": [1247.7027179993456, 1246.7319009992934], "latencies_ms": [1246.888770001533, 1247.2682710013032, 1246.5949270008423, 1246.7418359992735, 1246.439491998899, 1247.096948000035, 1246.9742260000203, 1247.0995240000775, 1246.910031999505, 1250.7941879994178, 1249.8389660013345, 1249.9997730010364, 1248.6218240010203, 1248.6087779998343, 1251.5488240005652, 1250.2362020004512, 1249.9761550006951, 1249.410311000247, 1249.162570999033, 1248.7950730010198], "p50_ms": 1248.6153010004273, "p95_ms": 1250.8319197994751, "repeat_max_abs_difference": 0.0}
WARMUP episode-000096-late 0 1248.29
WARMUP episode-000096-late 1 1247.45
SAMPLE_OK {"sample": "episode-000096-late.npz", "sample_sha256": "79eb626b45284d513ac6411efbb5c809e31122690b899e655a8cf754e841461d", "episode": 96, "frame": 2224, "phase": "late", "warmup_ms": [1248.2882179992885, 1247.4474129994633], "latencies_ms": [1247.8926379990298, 1247.8391300010117, 1247.7840450010262, 1247.8556220012251, 1247.892633000447, 1248.231552001016, 1247.457253999528, 1250.1890849998745, 1248.117111999818, 1247.846825999659, 1248.8814469998033, 1248.9912279997952, 1249.2098509992502, 1248.8656019995688, 1248.9220459992794, 1251.268775000426, 1249.5678020004561, 1249.9279909989127, 1248.956654999347, 1249.7255010002846], "p50_ms": 1248.873524499686, "p95_ms": 1250.243069499902, "repeat_max_abs_difference": 0.0}
WARMUP episode-000097-early 0 1251.08
WARMUP episode-000097-early 1 1249.91
SAMPLE_OK {"sample": "episode-000097-early.npz", "sample_sha256": "1a3da5c6087e3e1841b8024421a2d21842e332370f7d11a2ba1bb61bc43d37dc", "episode": 97, "frame": 100, "phase": "early", "warmup_ms": [1251.0808850001922, 1249.9103669997567], "latencies_ms": [1249.4347650008422, 1248.7831369999185, 1249.9800309997227, 1248.9057160000812, 1248.375773000589, 1249.2291279995698, 1248.3692669993616, 1249.1872169994167, 1248.8320480006223, 1248.9500060000864, 1249.3840289989748, 1248.9937620011915, 1249.8515979987133, 1251.1271120001766, 1251.427031998901, 1250.766831000874, 1249.7656539999298, 1251.9908449994546, 1250.5092170013086, 1251.0078779996547], "p50_ms": 1249.4093969999085, "p95_ms": 1251.4552226489286, "repeat_max_abs_difference": 0.0}
WARMUP episode-000097-middle 0 1250.27
WARMUP episode-000097-middle 1 1249.17
SAMPLE_OK {"sample": "episode-000097-middle.npz", "sample_sha256": "69a6950f558992dc9857d37e526cd03096835c823f38963837fd75483c96e147", "episode": 97, "frame": 1105, "phase": "middle", "warmup_ms": [1250.270302998615, 1249.1734260001977], "latencies_ms": [1250.9848480003711, 1249.4699790004233, 1250.1013800010696, 1250.6164120004541, 1249.627811001119, 1250.3012609995494, 1250.1295209985983, 1252.0093049988645, 1250.112704001367, 1249.2486419996567, 1248.0449829999998, 1247.8306269986206, 1248.8327889986977, 1248.2865980000497, 1249.0145729989308, 1248.6239179997938, 1249.4972479998978, 1249.8474840012932, 1248.865391000436, 1249.390183000287], "p50_ms": 1249.4836135001606, "p95_ms": 1251.0360708502958, "repeat_max_abs_difference": 0.0}
WARMUP episode-000097-late 0 1248.12
WARMUP episode-000097-late 1 1250.19
SAMPLE_OK {"sample": "episode-000097-late.npz", "sample_sha256": "b296dac1adbefa81ab4c7cb44a1968b2f922ec0261d0978cfa0ed9bc7b549cf3", "episode": 97, "frame": 2110, "phase": "late", "warmup_ms": [1248.1195279997337, 1250.1937209999596], "latencies_ms": [1249.5620279987634, 1248.6731780008995, 1250.51494300169, 1248.6056129982899, 1248.501400999885, 1249.6740379992843, 1248.5954660005518, 1249.5366660004947, 1248.8650840004993, 1249.4800229997054, 1248.4797319993959, 1250.9511099997326, 1250.2944440002466, 1249.8317259996838, 1250.4729160009447, 1248.860159999822, 1249.5897659991897, 1249.9132430002646, 1249.99301599928, 1251.4828750008746], "p50_ms": 1249.5758969989765, "p95_ms": 1250.9776982497897, "repeat_max_abs_difference": 0.0}
SUITE_COMPLETE 1249.2292240003735 1251.1344745000315
