
=========
== JAX ==
=========

NVIDIA Release 26.05 (build 52078341)
Container image Copyright (c) 2026, NVIDIA CORPORATION & AFFILIATES. All rights reserved.

Various files include modifications (c) NVIDIA CORPORATION & AFFILIATES.  All rights reserved.

GOVERNING TERMS: The software and materials are governed by the NVIDIA Software License Agreement
(found at https://www.nvidia.com/en-us/agreements/enterprise-software/nvidia-software-license-agreement/)
and the Product-Specific Terms for NVIDIA AI Products
(found at https://www.nvidia.com/en-us/agreements/enterprise-software/product-specific-terms-for-ai-products/).

WARNING: The NVIDIA Driver was not detected.  GPU functionality will not be available.
   Use the NVIDIA Container Toolkit to start this container with GPU support; see
   https://docs.nvidia.com/datacenter/cloud-native/ .

NOTE: The SHMEM allocation limit is set to the default of 64MB.  This may be
   insufficient for JAX.  NVIDIA recommends the use of the following flags:
   docker run --gpus all --ipc=host --ulimit memlock=-1 --ulimit stack=67108864 ...

EXISTING 560ee0dcd979a157149ac78bff3a873d2964842a1cc66b01a7c73ed9ef42fe3d 71029
EXISTING 4f4fb700ef54461cfa02571ae0db9a0dc1e0cdb5577484a6d75e68dc38e8acc1 32
EXISTING c7b702888702f5831b87e74632bde4267887d9a44d155681d10d7ac1a326e80a 15518
EXISTING 966fd5adbd827b283c88f4ba4d7ed1ca17d569dd4b4f9d538c65672c2e3db1e4 212
EXISTING 0d66d37bafb611f82fa9ab6681ea7f05beadb0970127200913fe7e61ac9f29d0 1032077
EXISTING c1b952df39561cf1804dddf716524b0892db5dac674fa33554000d76e608a484 11530
EXISTING 0b7aeda9fa73f3f524ae5189bde9bec5d8dfbe3a7defb88b06072950b74e1cb7 6121
EXISTING f2935348aeb88f2064902e9f0a8d6300aeb3a5e5886a04b467c56d3b2d7b3708 408
EXISTING f860e4557d82a87db8b4f923ae2964784967d7bcba0db0b08a6ab00008a87ec4 3670077
EXISTING 217298de7d27bceb7a72a346d28ad5af3906220b3ecd15c86be565cdd9bf8c7d 1451921
EXISTING 818154cda96df8bbb276b4f4339124da55756620a1037af15570bc95312850fa 28875785
EXISTING da45e3333b8ecebf2442733cb9142731f33ceb295ebf3a6ab8e908ddc17a275b 58210357
EXISTING 84320246ebdc784f90f8c91621c9afbf5f153013a0f39cb0caa63b9d902134af 22010953
EXISTING d3d992a60f7cc925ab2e4618d2d314f5214e3d01d5cd881fd0980e73bb1caaa3 503
EXISTING 73a18768cd88acaf5577a384a88570337051468c9eadcef001413697de22234b 111798207
EXISTING 28ab23dd55d4096d96ba58862518e1f18cb9559008afa872c03843692c5e89be 159738429
EXISTING 398f5bedbdc15f1b9be68d73371735277e8eed7b0436ae26a1b79cb66fe840f1 342
EXISTING 2ba3c4e2992c3d37adad3f75ec8024a82dced0eed1ccce4ab48efa6aadc41048 33331896
EXISTING b5024a3b229dffc240a58fbc4eab28c849afca2b5d0b2ff28c55f80975f98666 201499784
EXISTING c651217ed5cf1f812e4928508f76a4b87dbd13147aecca16e503fecc3df29c7a 116
EXISTING 47fe80277f10fd28fb13b6079b8b4876589944a4cf61aabdb2bd0cdaed6aa069 203384314
EXISTING 55175141f734751e37f0358dafc570a464dc8e280ab44f0d55330d8b270bde53 15560293
EXISTING 4cb4f5c45e2419b3c8d3f37f2ad6db8a7b9bde24aaa2264416591e1a105715a4 216779956
EXISTING a4f3c0549f42379fe12cab0ea8bab3c6e5ebec770acad923b64a2965136a832f 8559
EXISTING e16f5b83b93669e6d55df5bce7ec3461293ace8d164d06904ea36a2d176a15ca 4118534
EXISTING 1e7a7202c060e4a2c4a73bb32ea7c442112c0e10474ef13e5008118c85398098 521
EXISTING 4ec557a00e357eea4f790024afb8d0a8a31e1c225289860a946f7ce2034cdb14 378
EXISTING 5c9de031f21614d1a7d4a43abccb1056d3cae66063cfdbd80c8e04edebefc76c 367
EXISTING 0650485154a9de67fd659c0cb18bbddb0015f49b95740afbf632c1b9c2435ef4 83091832
EXISTING a256154121a09ee54dc9d6b58b42fd5ebc363eee719e46a9fd278249d6a0cf7f 2976
EXISTING 3e7274eb55f13dffd5ae3728ae6224162f319d95172b9469c0015a65fc221314 75086
EXISTING 4e49c3b99d02d1efdff1f82f803e1d098348cd0b0d2a00460cf30bd1ce26b856 2659783
EXISTING 5f451bfe749f0cc88bc0544e3e8135e64bdeb85fd79e968e7a694e71087b170e 130140
EXISTING 0e3bd92a712cfdf75510cb018dab22e53eab992375f906044d535db6f4a6c67c 265892768
EXISTING 5859de6a15169ba90609e5f38e26e64836f88753382dbf8770abbe8bc41244b4 219772288
EXISTING 60e79111c089abf163c1b74ac6bbe7db638b3b32aa2d7a4c2e03ef98d2fd905e 23684776
EXISTING 8aee8e938b1d23ccf33e8214608ff10e8b012adfffea703e2a55d4d02e4803d8 1114
EXISTING 554c9197d064d626977ba52a94803b002fb53785cf39ad33ba3cf60a8ec27138 248114966
EXISTING 01307fd3f665bfe7b388829fba91cfcb0ca9f0b6eba5d85dc8bfaaab01642cdb 82592
EXISTING 2b31de4ff058810d658c3dcc4664492bf11f7fd1bd2de03439ac71df80af438a 1121
EXISTING d37be7311935b91d2c81890d348c1e1bcdb1a1f6fe5016a1c032ded6d138929f 1115
EXISTING c23755cd3be347c2a49a3e47e4ec12257bdcd17f0d79455b1140be1398ce1f1c 320160196
EXISTING 76dddd094a60633c9b4f78a5dd78ab72387dadd049c2835750d790932e13ce31 30128408
EXISTING 362058435674304d99cc9cddd94e12f280522b564d1b3c2d5d13d6874c625732 1412592
EXISTING 1d32272b3da3d586fb9895f02dfa285b216c1798b1a3b7a868938e3029bf104b 30130176
EXISTING da9a114192bac9f89f81d283fb78c80fa482830690e643a1329352a62868bcde 22473800
EXISTING 4e4cb380ab26449a70db43b2b408830c600294dc2a39ec4170d75e7834b0f2df 260836966
EXISTING 2b1789ec52289ce3f96c87c3e11370b603a38f8cc0a2175d878509b606d7e8a7 608712319
EXISTING 2991f4c90976ce99657eb64c2d4c0fb5c09ef30b6c788fcabb96e98da71e189c 16290747
EXISTING ef4334ba7058cda800cdef4065b1247fdf9b49345ee0847858e373c5d15eee2a 23346338
EXISTING 5d74c055412b7b4461f05afdcead17558132edd955c7939144ee1627de7a9ccc 582464493
EXISTING b7cd2d17453082af23b5a419bb851d07da5a2c0a1a3a9a221aeac3d1346f2a14 16480
EXISTING ec09b2200e6ebd9111cc412f7d3aaa76c63ae1181956277ff2029ddd17aa3b2f 153
EXISTING f572586afdeafd7549d5565c111c2850f7df4483f8f421bc240fdaeded3a1766 353
EXISTING b62af90f19cda7880c60549ced6992f26b92587f7edf0c21a86c349daee07865 498
EXISTING 586002fe697aebb83491f2b39c010e23cd144ba2bf3c3e18c9cd88330a55b520 167538962
EXISTING e937dc5004002add90381c7fd1400c6e1f3dd64722bed01b1ba1c9f060ffb81f 174836832
EXISTING 174db066d7d31b2d46f10c88e38be0e1ebb0f3836155b50507977762bbfccd3b 714284169
EXISTING 4b208e2ebe76625dde04d23110b3c6820804579096ef929f34f844f8fc487667 251406695
EXISTING 3d257df1a0a7b3b5a55cfcf62a1c6ee9009a924ba578d9c08e3d1a8f2bb1bc36 465927069
EXISTING d4b2e9c98b94ba0f58f589e1f0e446b32db501ed38621b72cec262b0f3aa98b3 2291486769
EXISTING 592739b58b7f3a74dea5b3fbe51e513f97ce3d06b547fac276fe9d6718f62064 3020930583
IMAGE_COMPLETE sha256:aa400d4373fa71f30e1714664beabcc64c2d198e72d65e9a3641440b07e7cc83 62
