/home/wuyan/.conda/envs/condapi-yam/lib/python3.12/site-packages/torch/cuda/__init__.py:61: FutureWarning: The pynvml package is deprecated. Please install nvidia-ml-py instead. If you did not install pynvml directly, please report this to the maintainers of the package that installed pynvml for you.
  import pynvml  # type: ignore[import]
{"stage": "start", "time": 1788841703.738815, "devices": [{"device": "cuda:0", "memory": {"num_allocs": 0, "bytes_in_use": 0, "peak_bytes_in_use": 0, "largest_alloc_size": 0, "bytes_limit": 23232507178, "bytes_reserved": 0, "peak_bytes_reserved": 0, "largest_free_block_bytes": 0, "pool_bytes": 0, "peak_pool_bytes": 0}}, {"device": "cuda:1", "memory": {"num_allocs": 0, "bytes_in_use": 0, "peak_bytes_in_use": 0, "largest_alloc_size": 0, "bytes_limit": 23232507178, "bytes_reserved": 0, "peak_bytes_reserved": 0, "largest_free_block_bytes": 0, "pool_bytes": 0, "peak_pool_bytes": 0}}, {"device": "cuda:2", "memory": {"num_allocs": 0, "bytes_in_use": 0, "peak_bytes_in_use": 0, "largest_alloc_size": 0, "bytes_limit": 23232507178, "bytes_reserved": 0, "peak_bytes_reserved": 0, "largest_free_block_bytes": 0, "pool_bytes": 0, "peak_pool_bytes": 0}}, {"device": "cuda:3", "memory": {"num_allocs": 0, "bytes_in_use": 0, "peak_bytes_in_use": 0, "largest_alloc_size": 0, "bytes_limit": 23232507178, "bytes_reserved": 0, "peak_bytes_reserved": 0, "largest_free_block_bytes": 0, "pool_bytes": 0, "peak_pool_bytes": 0}}], "batch_size": 32, "fsdp_devices": 4, "ema": null, "input": "/home/wuyan/lyj/YAM/YAM_data/processed/lego_lerobot_v1_20260907/train", "assets": "/home/wuyan/lyj/YAM/training-assets/lego_lerobot_v1_20260907/pi05_h50", "checkpoint": "/home/wuyan/.cache/openpi/openpi-assets/checkpoints/pi05_base/params", "model": "Pi0Config(action_dim=32, action_horizon=50, max_token_len=200, dtype='bfloat16', paligemma_variant='gemma_2b', action_expert_variant='gemma_300m', pi05=True, discrete_state_input=True)"}
{"stage": "initialized", "time": 1788841709.9521754, "devices": [{"device": "cuda:0", "memory": {"num_allocs": 161, "bytes_in_use": 10329529344, "peak_bytes_in_use": 10329536512, "largest_alloc_size": 1207959552, "bytes_limit": 23232507178, "bytes_reserved": 0, "peak_bytes_reserved": 0, "largest_free_block_bytes": 0, "pool_bytes": 17181966336, "peak_pool_bytes": 17181966336}}, {"device": "cuda:1", "memory": {"num_allocs": 158, "bytes_in_use": 10329529600, "peak_bytes_in_use": 10329536512, "largest_alloc_size": 1207959552, "bytes_limit": 23232507178, "bytes_reserved": 0, "peak_bytes_reserved": 0, "largest_free_block_bytes": 0, "pool_bytes": 17181966336, "peak_pool_bytes": 17181966336}}, {"device": "cuda:2", "memory": {"num_allocs": 158, "bytes_in_use": 10329529600, "peak_bytes_in_use": 10329536512, "largest_alloc_size": 1207959552, "bytes_limit": 23232507178, "bytes_reserved": 0, "peak_bytes_reserved": 0, "largest_free_block_bytes": 0, "pool_bytes": 17181966336, "peak_pool_bytes": 17181966336}}, {"device": "cuda:3", "memory": {"num_allocs": 158, "bytes_in_use": 10329529600, "peak_bytes_in_use": 10329536512, "largest_alloc_size": 1207959552, "bytes_limit": 23232507178, "bytes_reserved": 0, "peak_bytes_reserved": 0, "largest_free_block_bytes": 0, "pool_bytes": 17181966336, "peak_pool_bytes": 17181966336}}], "seconds": 6.213186810957268, "parameters": 3353433872, "trainable_parameters": 3353433872}
/home/wuyan/.conda/envs/condapi-yam/lib/python3.12/site-packages/torchvision/io/_video_deprecation_warning.py:5: UserWarning: The video decoding and encoding capabilities of torchvision are deprecated from version 0.22 and will be removed in version 0.24. We recommend that you migrate to TorchCodec, where we'll consolidate the future decoding/encoding capabilities of PyTorch: https://github.com/pytorch/torchcodec
  warnings.warn(
{"stage": "batch", "time": 1788841711.39523, "devices": [{"device": "cuda:0", "memory": {"num_allocs": 171, "bytes_in_use": 10344041216, "peak_bytes_in_use": 10344041216, "largest_alloc_size": 1207959552, "bytes_limit": 23232507178, "bytes_reserved": 0, "peak_bytes_reserved": 0, "largest_free_block_bytes": 0, "pool_bytes": 17181966336, "peak_pool_bytes": 17181966336}}, {"device": "cuda:1", "memory": {"num_allocs": 168, "bytes_in_use": 10344041472, "peak_bytes_in_use": 10344041472, "largest_alloc_size": 1207959552, "bytes_limit": 23232507178, "bytes_reserved": 0, "peak_bytes_reserved": 0, "largest_free_block_bytes": 0, "pool_bytes": 17181966336, "peak_pool_bytes": 17181966336}}, {"device": "cuda:2", "memory": {"num_allocs": 168, "bytes_in_use": 10344041472, "peak_bytes_in_use": 10344041472, "largest_alloc_size": 1207959552, "bytes_limit": 23232507178, "bytes_reserved": 0, "peak_bytes_reserved": 0, "largest_free_block_bytes": 0, "pool_bytes": 17181966336, "peak_pool_bytes": 17181966336}}, {"device": "cuda:3", "memory": {"num_allocs": 168, "bytes_in_use": 10344041472, "peak_bytes_in_use": 10344041472, "largest_alloc_size": 1207959552, "bytes_limit": 23232507178, "bytes_reserved": 0, "peak_bytes_reserved": 0, "largest_free_block_bytes": 0, "pool_bytes": 17181966336, "peak_pool_bytes": 17181966336}}], "action_shape": [32, 50, 32], "state_shape": [32, 32]}
2026-09-08 12:28:34.907505: E external/xla/xla/service/slow_operation_alarm.cc:73] Constant folding an instruction is taking > 1s:

  %reduce-window.15 = s32[32,1018]{1,0} reduce-window(%broadcast.5891, %constant.3362), window={size=1x1018 pad=0_0x1017_0}, to_apply=%region_45.13096, metadata={op_name="jit(<unnamed wrapped function>)/jit(main)/jvp(jit(cumsum))/reduce_window_sum" source_file="/home/wuyan/lyj/YAM/env-transfer/pi05-full-norm-20260908.mgkPSsmT/code/src/openpi/models/pi0.py" source_line=41}

This isn't necessarily a bug; constant-folding is inherently a trade-off between compilation time and speed at runtime. XLA has some guards that attempt to keep constant folding from taking too long, but fundamentally you'll always be able to come up with an input program that takes a long time.

If you'd like to file a bug, run with envvar XLA_FLAGS=--xla_dump_to=/tmp/foo and attach the results.
2026-09-08 12:28:34.951749: E external/xla/xla/service/slow_operation_alarm.cc:140] The operation took 1.044359593s
Constant folding an instruction is taking > 1s:

  %reduce-window.15 = s32[32,1018]{1,0} reduce-window(%broadcast.5891, %constant.3362), window={size=1x1018 pad=0_0x1017_0}, to_apply=%region_45.13096, metadata={op_name="jit(<unnamed wrapped function>)/jit(main)/jvp(jit(cumsum))/reduce_window_sum" source_file="/home/wuyan/lyj/YAM/env-transfer/pi05-full-norm-20260908.mgkPSsmT/code/src/openpi/models/pi0.py" source_line=41}

This isn't necessarily a bug; constant-folding is inherently a trade-off between compilation time and speed at runtime. XLA has some guards that attempt to keep constant folding from taking too long, but fundamentally you'll always be able to come up with an input program that takes a long time.

If you'd like to file a bug, run with envvar XLA_FLAGS=--xla_dump_to=/tmp/foo and attach the results.
2026-09-08 12:29:01.721186: W external/xla/xla/hlo/transforms/simplifiers/hlo_rematerialization.cc:3021] Can't reduce memory use below 11.63GiB (12485855891 bytes) by rematerialization; only reduced to 16.06GiB (17249336728 bytes), down from 16.26GiB (17455955776 bytes) originally
2026-09-08 12:29:38.647937: W external/xla/xla/tsl/framework/bfc_allocator.cc:501] Allocator (GPU_0_bfc) ran out of memory trying to allocate 6.45GiB (rounded to 6926667008)requested by op 
2026-09-08 12:29:38.648481: W external/xla/xla/tsl/framework/bfc_allocator.cc:512] ***********______________________________________***************************************************
E0908 12:29:38.648543  385919 pjrt_stream_executor_client.cc:3077] Execution of replica 0 failed: RESOURCE_EXHAUSTED: Out of memory while trying to allocate 6926667000 bytes. [tf-allocator-allocation-error='']
2026-09-08 12:29:38.652431: W external/xla/xla/tsl/framework/bfc_allocator.cc:501] Allocator (GPU_2_bfc) ran out of memory trying to allocate 6.45GiB (rounded to 6926667008)requested by op 
2026-09-08 12:29:38.652935: W external/xla/xla/tsl/framework/bfc_allocator.cc:512] ***********______________________________________***************************************************
E0908 12:29:38.652996  385925 pjrt_stream_executor_client.cc:3077] Execution of replica 0 failed: RESOURCE_EXHAUSTED: Out of memory while trying to allocate 6926667000 bytes. [tf-allocator-allocation-error='']
2026-09-08 12:29:38.658951: W external/xla/xla/tsl/framework/bfc_allocator.cc:501] Allocator (GPU_1_bfc) ran out of memory trying to allocate 6.45GiB (rounded to 6926667008)requested by op 
2026-09-08 12:29:38.659500: W external/xla/xla/tsl/framework/bfc_allocator.cc:512] ***********______________________________________***************************************************
E0908 12:29:38.659564  385922 pjrt_stream_executor_client.cc:3077] Execution of replica 0 failed: RESOURCE_EXHAUSTED: Out of memory while trying to allocate 6926667000 bytes. [tf-allocator-allocation-error='']
2026-09-08 12:29:38.664111: W external/xla/xla/tsl/framework/bfc_allocator.cc:501] Allocator (GPU_3_bfc) ran out of memory trying to allocate 6.45GiB (rounded to 6926667008)requested by op 
2026-09-08 12:29:38.664659: W external/xla/xla/tsl/framework/bfc_allocator.cc:512] ***********______________________________________***************************************************
E0908 12:29:38.664720  385928 pjrt_stream_executor_client.cc:3077] Execution of replica 0 failed: RESOURCE_EXHAUSTED: Out of memory while trying to allocate 6926667000 bytes. [tf-allocator-allocation-error='']
Traceback (most recent call last):
  File "/home/wuyan/lyj/YAM/env-transfer/pi05-full-norm-20260908.mgkPSsmT/code/scripts/benchmark_pi05_full.py", line 122, in <module>
    tyro.cli(main)
  File "/home/wuyan/.conda/envs/condapi-yam/lib/python3.12/site-packages/tyro/_cli.py", line 230, in cli
    return run_with_args_from_cli()
           ^^^^^^^^^^^^^^^^^^^^^^^^
  File "/home/wuyan/lyj/YAM/env-transfer/pi05-full-norm-20260908.mgkPSsmT/code/scripts/benchmark_pi05_full.py", line 112, in main
    state, info = step_fn(jax.random.key(step + 1), state, batch)
                  ^^^^^^^^^^^^^^^^^^^^^^^^^^^^^^^^^^^^^^^^^^^^^^^
jaxlib.xla_extension.XlaRuntimeError: RESOURCE_EXHAUSTED: Out of memory while trying to allocate 6926667000 bytes.: while running replica 0 and partition 0 of a replicated computation (other replicas may have failed as well).
--------------------
For simplicity, JAX has removed its internal frames from the traceback of the following exception. Set JAX_TRACEBACK_FILTERING=off to include these.
srun: error: gpu001: task 0: Exited with exit code 1
